A51 MACRO ASSEMBLER  Q1                                                                   04/02/2024 16:00:30 PAGE     1


MACRO ASSEMBLER A51 V8.2.7.0
OBJECT MODULE PLACED IN .\Objects\q1.obj
ASSEMBLER INVOKED BY: C:\Keil_v5\C51\BIN\A51.EXE q1.a51 SET(SMALL) DEBUG PRINT(.\Listings\q1.lst) OBJECT(.\Objects\q1.ob
                      j) EP

LOC  OBJ            LINE     SOURCE

                       1     ;8 BIT ADDITION
                       2     
0000 7425              3     MOV A, #025H
0002 75F014            4     MOV B, #014H
0005 25F0              5     ADD A, B
0007 F590              6     MOV P1, A
                       7     END
A51 MACRO ASSEMBLER  Q1                                                                   04/02/2024 16:00:30 PAGE     2

SYMBOL TABLE LISTING
------ ----- -------


N A M E             T Y P E  V A L U E   ATTRIBUTES

B. . . . . . . . .  D ADDR   00F0H   A   
P1 . . . . . . . .  D ADDR   0090H   A   


REGISTER BANK(S) USED: 0 


ASSEMBLY COMPLETE.  0 WARNING(S), 0 ERROR(S)
